270  [main] DEBUG com.ilupilu.ecm.ConvertVideo - Input File: C:\Users\Kishore\Downloads\Video\dnrTV_0155.wmv 
276  [main] DEBUG com.ilupilu.ecm.ConvertVideo - Output File: D:\Kishore\Sample.mp4 
4411 [main] DEBUG com.ilupilu.ecm.ConvertVideo - Inside run of ConvertVideo. 
247  [main] DEBUG com.ilupilu.ecm.ConvertVideo - Input File: C:\Users\Kishore\Downloads\Video\dnrTV_0155.wmv 
253  [main] DEBUG com.ilupilu.ecm.ConvertVideo - Output File: D:\Kishore\Sample.mp4 
253  [main] DEBUG com.ilupilu.ecm.ConvertVideo - 576 
254  [main] DEBUG com.ilupilu.ecm.ConvertVideo - 768 
3833 [main] DEBUG com.ilupilu.ecm.ConvertVideo - Inside run of ConvertVideo. 
4086 [main] ERROR org.ffmpeg - [libx264 @ 0745EC40] height not divisible by 2 (712x429) 
4090 [main] WARN  com.xuggle.xuggler - Error: could not open codec (../../../../../../../csrc/com/xuggle/xuggler/StreamCoder.cpp:831) 
4140 [main] INFO  com.ilupilu.ecm.utils.PropertyUtils - Loading property files. 
4140 [main] DEBUG com.ilupilu.ecm.utils.PropertyUtils - Load inner property file. 
4141 [main] DEBUG com.ilupilu.ecm.utils.PropertyUtils - Load external property file and merge. 
4151 [main] WARN  com.ilupilu.ecm.utils.PropertyUtils - Exception:  
java.io.FileNotFoundException: .\VideoConverter.properties (The system cannot find the file specified)
	at java.io.FileInputStream.open(Native Method) ~[na:1.7.0_40]
	at java.io.FileInputStream.<init>(FileInputStream.java:146) ~[na:1.7.0_40]
	at java.io.FileInputStream.<init>(FileInputStream.java:101) ~[na:1.7.0_40]
	at com.ilupilu.ecm.utils.PropertyUtils.<clinit>(PropertyUtils.java:28) ~[classes/:na]
	at com.ilupilu.ecm.test.PropertyUtilsTest.getShouldReturnValue(PropertyUtilsTest.java:15) [test-classes/:na]
	at sun.reflect.NativeMethodAccessorImpl.invoke0(Native Method) ~[na:1.7.0_40]
	at sun.reflect.NativeMethodAccessorImpl.invoke(NativeMethodAccessorImpl.java:57) ~[na:1.7.0_40]
	at sun.reflect.DelegatingMethodAccessorImpl.invoke(DelegatingMethodAccessorImpl.java:43) ~[na:1.7.0_40]
	at java.lang.reflect.Method.invoke(Method.java:606) ~[na:1.7.0_40]
	at org.junit.runners.model.FrameworkMethod$1.runReflectiveCall(FrameworkMethod.java:50) [junit-4.12-beta-1.jar:4.12-beta-1]
	at org.junit.internal.runners.model.ReflectiveCallable.run(ReflectiveCallable.java:12) [junit-4.12-beta-1.jar:4.12-beta-1]
	at org.junit.runners.model.FrameworkMethod.invokeExplosively(FrameworkMethod.java:47) [junit-4.12-beta-1.jar:4.12-beta-1]
	at org.junit.internal.runners.statements.InvokeMethod.evaluate(InvokeMethod.java:17) [junit-4.12-beta-1.jar:4.12-beta-1]
	at org.junit.runners.ParentRunner.runLeaf(ParentRunner.java:325) [junit-4.12-beta-1.jar:4.12-beta-1]
	at org.junit.runners.BlockJUnit4ClassRunner.runChild(BlockJUnit4ClassRunner.java:76) [junit-4.12-beta-1.jar:4.12-beta-1]
	at org.junit.runners.BlockJUnit4ClassRunner.runChild(BlockJUnit4ClassRunner.java:55) [junit-4.12-beta-1.jar:4.12-beta-1]
	at org.junit.runners.ParentRunner$3.run(ParentRunner.java:290) [junit-4.12-beta-1.jar:4.12-beta-1]
	at org.junit.runners.ParentRunner$1.schedule(ParentRunner.java:71) [junit-4.12-beta-1.jar:4.12-beta-1]
	at org.junit.runners.ParentRunner.runChildren(ParentRunner.java:288) [junit-4.12-beta-1.jar:4.12-beta-1]
	at org.junit.runners.ParentRunner.access$000(ParentRunner.java:58) [junit-4.12-beta-1.jar:4.12-beta-1]
	at org.junit.runners.ParentRunner$2.evaluate(ParentRunner.java:268) [junit-4.12-beta-1.jar:4.12-beta-1]
	at org.junit.runners.ParentRunner.run(ParentRunner.java:363) [junit-4.12-beta-1.jar:4.12-beta-1]
	at org.apache.maven.surefire.junit4.JUnit4Provider.execute(JUnit4Provider.java:252) [surefire-junit4-2.12.4.jar:2.12.4]
	at org.apache.maven.surefire.junit4.JUnit4Provider.executeTestSet(JUnit4Provider.java:141) [surefire-junit4-2.12.4.jar:2.12.4]
	at org.apache.maven.surefire.junit4.JUnit4Provider.invoke(JUnit4Provider.java:112) [surefire-junit4-2.12.4.jar:2.12.4]
	at sun.reflect.NativeMethodAccessorImpl.invoke0(Native Method) ~[na:1.7.0_40]
	at sun.reflect.NativeMethodAccessorImpl.invoke(NativeMethodAccessorImpl.java:57) ~[na:1.7.0_40]
	at sun.reflect.DelegatingMethodAccessorImpl.invoke(DelegatingMethodAccessorImpl.java:43) ~[na:1.7.0_40]
	at java.lang.reflect.Method.invoke(Method.java:606) ~[na:1.7.0_40]
	at org.apache.maven.surefire.util.ReflectionUtils.invokeMethodWithArray(ReflectionUtils.java:189) [surefire-api-2.12.4.jar:2.12.4]
	at org.apache.maven.surefire.booter.ProviderFactory$ProviderProxy.invoke(ProviderFactory.java:165) [surefire-booter-2.12.4.jar:2.12.4]
	at org.apache.maven.surefire.booter.ProviderFactory.invokeProvider(ProviderFactory.java:85) [surefire-booter-2.12.4.jar:2.12.4]
	at org.apache.maven.surefire.booter.ForkedBooter.runSuitesInProcess(ForkedBooter.java:115) [surefire-booter-2.12.4.jar:2.12.4]
	at org.apache.maven.surefire.booter.ForkedBooter.main(ForkedBooter.java:75) [surefire-booter-2.12.4.jar:2.12.4]
3736 [main] DEBUG com.xuggle.xuggler - error: invalid output width (../../../../../../../csrc/com/xuggle/xuggler/VideoResampler.cpp:288) 
3766 [main] INFO  com.ilupilu.ecm.utils.PropertyUtils - Loading property files. 
3767 [main] DEBUG com.ilupilu.ecm.utils.PropertyUtils - Load inner property file. 
3768 [main] DEBUG com.ilupilu.ecm.utils.PropertyUtils - Load external property file and merge. 
3781 [main] WARN  com.ilupilu.ecm.utils.PropertyUtils - Exception:  
java.io.FileNotFoundException: .\VideoConverter.properties (The system cannot find the file specified)
	at java.io.FileInputStream.open(Native Method) ~[na:1.7.0_40]
	at java.io.FileInputStream.<init>(FileInputStream.java:146) ~[na:1.7.0_40]
	at java.io.FileInputStream.<init>(FileInputStream.java:101) ~[na:1.7.0_40]
	at com.ilupilu.ecm.utils.PropertyUtils.<clinit>(PropertyUtils.java:28) ~[classes/:na]
	at com.ilupilu.ecm.test.PropertyUtilsTest.getShouldReturnValue(PropertyUtilsTest.java:15) [test-classes/:na]
	at sun.reflect.NativeMethodAccessorImpl.invoke0(Native Method) ~[na:1.7.0_40]
	at sun.reflect.NativeMethodAccessorImpl.invoke(NativeMethodAccessorImpl.java:57) ~[na:1.7.0_40]
	at sun.reflect.DelegatingMethodAccessorImpl.invoke(DelegatingMethodAccessorImpl.java:43) ~[na:1.7.0_40]
	at java.lang.reflect.Method.invoke(Method.java:606) ~[na:1.7.0_40]
	at org.junit.runners.model.FrameworkMethod$1.runReflectiveCall(FrameworkMethod.java:50) [junit-4.12-beta-1.jar:4.12-beta-1]
	at org.junit.internal.runners.model.ReflectiveCallable.run(ReflectiveCallable.java:12) [junit-4.12-beta-1.jar:4.12-beta-1]
	at org.junit.runners.model.FrameworkMethod.invokeExplosively(FrameworkMethod.java:47) [junit-4.12-beta-1.jar:4.12-beta-1]
	at org.junit.internal.runners.statements.InvokeMethod.evaluate(InvokeMethod.java:17) [junit-4.12-beta-1.jar:4.12-beta-1]
	at org.junit.runners.ParentRunner.runLeaf(ParentRunner.java:325) [junit-4.12-beta-1.jar:4.12-beta-1]
	at org.junit.runners.BlockJUnit4ClassRunner.runChild(BlockJUnit4ClassRunner.java:76) [junit-4.12-beta-1.jar:4.12-beta-1]
	at org.junit.runners.BlockJUnit4ClassRunner.runChild(BlockJUnit4ClassRunner.java:55) [junit-4.12-beta-1.jar:4.12-beta-1]
	at org.junit.runners.ParentRunner$3.run(ParentRunner.java:290) [junit-4.12-beta-1.jar:4.12-beta-1]
	at org.junit.runners.ParentRunner$1.schedule(ParentRunner.java:71) [junit-4.12-beta-1.jar:4.12-beta-1]
	at org.junit.runners.ParentRunner.runChildren(ParentRunner.java:288) [junit-4.12-beta-1.jar:4.12-beta-1]
	at org.junit.runners.ParentRunner.access$000(ParentRunner.java:58) [junit-4.12-beta-1.jar:4.12-beta-1]
	at org.junit.runners.ParentRunner$2.evaluate(ParentRunner.java:268) [junit-4.12-beta-1.jar:4.12-beta-1]
	at org.junit.runners.ParentRunner.run(ParentRunner.java:363) [junit-4.12-beta-1.jar:4.12-beta-1]
	at org.apache.maven.surefire.junit4.JUnit4Provider.execute(JUnit4Provider.java:252) [surefire-junit4-2.12.4.jar:2.12.4]
	at org.apache.maven.surefire.junit4.JUnit4Provider.executeTestSet(JUnit4Provider.java:141) [surefire-junit4-2.12.4.jar:2.12.4]
	at org.apache.maven.surefire.junit4.JUnit4Provider.invoke(JUnit4Provider.java:112) [surefire-junit4-2.12.4.jar:2.12.4]
	at sun.reflect.NativeMethodAccessorImpl.invoke0(Native Method) ~[na:1.7.0_40]
	at sun.reflect.NativeMethodAccessorImpl.invoke(NativeMethodAccessorImpl.java:57) ~[na:1.7.0_40]
	at sun.reflect.DelegatingMethodAccessorImpl.invoke(DelegatingMethodAccessorImpl.java:43) ~[na:1.7.0_40]
	at java.lang.reflect.Method.invoke(Method.java:606) ~[na:1.7.0_40]
	at org.apache.maven.surefire.util.ReflectionUtils.invokeMethodWithArray(ReflectionUtils.java:189) [surefire-api-2.12.4.jar:2.12.4]
	at org.apache.maven.surefire.booter.ProviderFactory$ProviderProxy.invoke(ProviderFactory.java:165) [surefire-booter-2.12.4.jar:2.12.4]
	at org.apache.maven.surefire.booter.ProviderFactory.invokeProvider(ProviderFactory.java:85) [surefire-booter-2.12.4.jar:2.12.4]
	at org.apache.maven.surefire.booter.ForkedBooter.runSuitesInProcess(ForkedBooter.java:115) [surefire-booter-2.12.4.jar:2.12.4]
	at org.apache.maven.surefire.booter.ForkedBooter.main(ForkedBooter.java:75) [surefire-booter-2.12.4.jar:2.12.4]
313119 [main] INFO  com.ilupilu.ecm.utils.PropertyUtils - Loading property files. 
313172 [main] DEBUG com.ilupilu.ecm.utils.PropertyUtils - Load inner property file. 
313173 [main] DEBUG com.ilupilu.ecm.utils.PropertyUtils - Load external property file and merge. 
313293 [main] WARN  com.ilupilu.ecm.utils.PropertyUtils - Exception:  
java.io.FileNotFoundException: .\VideoConverter.properties (The system cannot find the file specified)
	at java.io.FileInputStream.open(Native Method) ~[na:1.7.0_40]
	at java.io.FileInputStream.<init>(FileInputStream.java:146) ~[na:1.7.0_40]
	at java.io.FileInputStream.<init>(FileInputStream.java:101) ~[na:1.7.0_40]
	at com.ilupilu.ecm.utils.PropertyUtils.<clinit>(PropertyUtils.java:28) ~[classes/:na]
	at com.ilupilu.ecm.test.PropertyUtilsTest.getShouldReturnValue(PropertyUtilsTest.java:15) [test-classes/:na]
	at sun.reflect.NativeMethodAccessorImpl.invoke0(Native Method) ~[na:1.7.0_40]
	at sun.reflect.NativeMethodAccessorImpl.invoke(NativeMethodAccessorImpl.java:57) ~[na:1.7.0_40]
	at sun.reflect.DelegatingMethodAccessorImpl.invoke(DelegatingMethodAccessorImpl.java:43) ~[na:1.7.0_40]
	at java.lang.reflect.Method.invoke(Method.java:606) ~[na:1.7.0_40]
	at org.junit.runners.model.FrameworkMethod$1.runReflectiveCall(FrameworkMethod.java:50) [junit-4.12-beta-1.jar:4.12-beta-1]
	at org.junit.internal.runners.model.ReflectiveCallable.run(ReflectiveCallable.java:12) [junit-4.12-beta-1.jar:4.12-beta-1]
	at org.junit.runners.model.FrameworkMethod.invokeExplosively(FrameworkMethod.java:47) [junit-4.12-beta-1.jar:4.12-beta-1]
	at org.junit.internal.runners.statements.InvokeMethod.evaluate(InvokeMethod.java:17) [junit-4.12-beta-1.jar:4.12-beta-1]
	at org.junit.runners.ParentRunner.runLeaf(ParentRunner.java:325) [junit-4.12-beta-1.jar:4.12-beta-1]
	at org.junit.runners.BlockJUnit4ClassRunner.runChild(BlockJUnit4ClassRunner.java:76) [junit-4.12-beta-1.jar:4.12-beta-1]
	at org.junit.runners.BlockJUnit4ClassRunner.runChild(BlockJUnit4ClassRunner.java:55) [junit-4.12-beta-1.jar:4.12-beta-1]
	at org.junit.runners.ParentRunner$3.run(ParentRunner.java:290) [junit-4.12-beta-1.jar:4.12-beta-1]
	at org.junit.runners.ParentRunner$1.schedule(ParentRunner.java:71) [junit-4.12-beta-1.jar:4.12-beta-1]
	at org.junit.runners.ParentRunner.runChildren(ParentRunner.java:288) [junit-4.12-beta-1.jar:4.12-beta-1]
	at org.junit.runners.ParentRunner.access$000(ParentRunner.java:58) [junit-4.12-beta-1.jar:4.12-beta-1]
	at org.junit.runners.ParentRunner$2.evaluate(ParentRunner.java:268) [junit-4.12-beta-1.jar:4.12-beta-1]
	at org.junit.runners.ParentRunner.run(ParentRunner.java:363) [junit-4.12-beta-1.jar:4.12-beta-1]
	at org.apache.maven.surefire.junit4.JUnit4Provider.execute(JUnit4Provider.java:252) [surefire-junit4-2.12.4.jar:2.12.4]
	at org.apache.maven.surefire.junit4.JUnit4Provider.executeTestSet(JUnit4Provider.java:141) [surefire-junit4-2.12.4.jar:2.12.4]
	at org.apache.maven.surefire.junit4.JUnit4Provider.invoke(JUnit4Provider.java:112) [surefire-junit4-2.12.4.jar:2.12.4]
	at sun.reflect.NativeMethodAccessorImpl.invoke0(Native Method) ~[na:1.7.0_40]
	at sun.reflect.NativeMethodAccessorImpl.invoke(NativeMethodAccessorImpl.java:57) ~[na:1.7.0_40]
	at sun.reflect.DelegatingMethodAccessorImpl.invoke(DelegatingMethodAccessorImpl.java:43) ~[na:1.7.0_40]
	at java.lang.reflect.Method.invoke(Method.java:606) ~[na:1.7.0_40]
	at org.apache.maven.surefire.util.ReflectionUtils.invokeMethodWithArray(ReflectionUtils.java:189) [surefire-api-2.12.4.jar:2.12.4]
	at org.apache.maven.surefire.booter.ProviderFactory$ProviderProxy.invoke(ProviderFactory.java:165) [surefire-booter-2.12.4.jar:2.12.4]
	at org.apache.maven.surefire.booter.ProviderFactory.invokeProvider(ProviderFactory.java:85) [surefire-booter-2.12.4.jar:2.12.4]
	at org.apache.maven.surefire.booter.ForkedBooter.runSuitesInProcess(ForkedBooter.java:115) [surefire-booter-2.12.4.jar:2.12.4]
	at org.apache.maven.surefire.booter.ForkedBooter.main(ForkedBooter.java:75) [surefire-booter-2.12.4.jar:2.12.4]
268  [main] INFO  com.ilupilu.ecm.utils.PropertyUtils - Loading property files. 
271  [main] DEBUG com.ilupilu.ecm.utils.PropertyUtils - Load inner property file. 
272  [main] DEBUG com.ilupilu.ecm.utils.PropertyUtils - Load external property file and merge. 
284  [main] WARN  com.ilupilu.ecm.utils.PropertyUtils - Exception:  
java.io.FileNotFoundException: .\VideoConverter.properties (The system cannot find the file specified)
	at java.io.FileInputStream.open(Native Method) ~[na:1.7.0_40]
	at java.io.FileInputStream.<init>(FileInputStream.java:146) ~[na:1.7.0_40]
	at java.io.FileInputStream.<init>(FileInputStream.java:101) ~[na:1.7.0_40]
	at com.ilupilu.ecm.utils.PropertyUtils.<clinit>(PropertyUtils.java:28) ~[classes/:na]
	at com.ilupilu.ecm.test.PropertyUtilsTest.getShouldReturnValue(PropertyUtilsTest.java:15) [test-classes/:na]
	at sun.reflect.NativeMethodAccessorImpl.invoke0(Native Method) ~[na:1.7.0_40]
	at sun.reflect.NativeMethodAccessorImpl.invoke(NativeMethodAccessorImpl.java:57) ~[na:1.7.0_40]
	at sun.reflect.DelegatingMethodAccessorImpl.invoke(DelegatingMethodAccessorImpl.java:43) ~[na:1.7.0_40]
	at java.lang.reflect.Method.invoke(Method.java:606) ~[na:1.7.0_40]
	at org.junit.runners.model.FrameworkMethod$1.runReflectiveCall(FrameworkMethod.java:50) [junit-4.12-beta-1.jar:4.12-beta-1]
	at org.junit.internal.runners.model.ReflectiveCallable.run(ReflectiveCallable.java:12) [junit-4.12-beta-1.jar:4.12-beta-1]
	at org.junit.runners.model.FrameworkMethod.invokeExplosively(FrameworkMethod.java:47) [junit-4.12-beta-1.jar:4.12-beta-1]
	at org.junit.internal.runners.statements.InvokeMethod.evaluate(InvokeMethod.java:17) [junit-4.12-beta-1.jar:4.12-beta-1]
	at org.junit.runners.ParentRunner.runLeaf(ParentRunner.java:325) [junit-4.12-beta-1.jar:4.12-beta-1]
	at org.junit.runners.BlockJUnit4ClassRunner.runChild(BlockJUnit4ClassRunner.java:76) [junit-4.12-beta-1.jar:4.12-beta-1]
	at org.junit.runners.BlockJUnit4ClassRunner.runChild(BlockJUnit4ClassRunner.java:55) [junit-4.12-beta-1.jar:4.12-beta-1]
	at org.junit.runners.ParentRunner$3.run(ParentRunner.java:290) [junit-4.12-beta-1.jar:4.12-beta-1]
	at org.junit.runners.ParentRunner$1.schedule(ParentRunner.java:71) [junit-4.12-beta-1.jar:4.12-beta-1]
	at org.junit.runners.ParentRunner.runChildren(ParentRunner.java:288) [junit-4.12-beta-1.jar:4.12-beta-1]
	at org.junit.runners.ParentRunner.access$000(ParentRunner.java:58) [junit-4.12-beta-1.jar:4.12-beta-1]
	at org.junit.runners.ParentRunner$2.evaluate(ParentRunner.java:268) [junit-4.12-beta-1.jar:4.12-beta-1]
	at org.junit.runners.ParentRunner.run(ParentRunner.java:363) [junit-4.12-beta-1.jar:4.12-beta-1]
	at org.apache.maven.surefire.junit4.JUnit4Provider.execute(JUnit4Provider.java:252) [surefire-junit4-2.12.4.jar:2.12.4]
	at org.apache.maven.surefire.junit4.JUnit4Provider.executeTestSet(JUnit4Provider.java:141) [surefire-junit4-2.12.4.jar:2.12.4]
	at org.apache.maven.surefire.junit4.JUnit4Provider.invoke(JUnit4Provider.java:112) [surefire-junit4-2.12.4.jar:2.12.4]
	at sun.reflect.NativeMethodAccessorImpl.invoke0(Native Method) ~[na:1.7.0_40]
	at sun.reflect.NativeMethodAccessorImpl.invoke(NativeMethodAccessorImpl.java:57) ~[na:1.7.0_40]
	at sun.reflect.DelegatingMethodAccessorImpl.invoke(DelegatingMethodAccessorImpl.java:43) ~[na:1.7.0_40]
	at java.lang.reflect.Method.invoke(Method.java:606) ~[na:1.7.0_40]
	at org.apache.maven.surefire.util.ReflectionUtils.invokeMethodWithArray(ReflectionUtils.java:189) [surefire-api-2.12.4.jar:2.12.4]
	at org.apache.maven.surefire.booter.ProviderFactory$ProviderProxy.invoke(ProviderFactory.java:165) [surefire-booter-2.12.4.jar:2.12.4]
	at org.apache.maven.surefire.booter.ProviderFactory.invokeProvider(ProviderFactory.java:85) [surefire-booter-2.12.4.jar:2.12.4]
	at org.apache.maven.surefire.booter.ForkedBooter.runSuitesInProcess(ForkedBooter.java:115) [surefire-booter-2.12.4.jar:2.12.4]
	at org.apache.maven.surefire.booter.ForkedBooter.main(ForkedBooter.java:75) [surefire-booter-2.12.4.jar:2.12.4]
249  [main] INFO  com.ilupilu.ecm.utils.PropertyUtils - Loading property files. 
253  [main] DEBUG com.ilupilu.ecm.utils.PropertyUtils - Load inner property file. 
253  [main] DEBUG com.ilupilu.ecm.utils.PropertyUtils - Load external property file and merge. 
265  [main] WARN  com.ilupilu.ecm.utils.PropertyUtils - Exception:  
java.io.FileNotFoundException: .\VideoConverter.properties (The system cannot find the file specified)
	at java.io.FileInputStream.open(Native Method) ~[na:1.7.0_40]
	at java.io.FileInputStream.<init>(FileInputStream.java:146) ~[na:1.7.0_40]
	at java.io.FileInputStream.<init>(FileInputStream.java:101) ~[na:1.7.0_40]
	at com.ilupilu.ecm.utils.PropertyUtils.<clinit>(PropertyUtils.java:28) ~[classes/:na]
	at com.ilupilu.ecm.test.PropertyUtilsTest.getShouldReturnValue(PropertyUtilsTest.java:15) [test-classes/:na]
	at sun.reflect.NativeMethodAccessorImpl.invoke0(Native Method) ~[na:1.7.0_40]
	at sun.reflect.NativeMethodAccessorImpl.invoke(NativeMethodAccessorImpl.java:57) ~[na:1.7.0_40]
	at sun.reflect.DelegatingMethodAccessorImpl.invoke(DelegatingMethodAccessorImpl.java:43) ~[na:1.7.0_40]
	at java.lang.reflect.Method.invoke(Method.java:606) ~[na:1.7.0_40]
	at org.junit.runners.model.FrameworkMethod$1.runReflectiveCall(FrameworkMethod.java:50) [junit-4.12-beta-1.jar:4.12-beta-1]
	at org.junit.internal.runners.model.ReflectiveCallable.run(ReflectiveCallable.java:12) [junit-4.12-beta-1.jar:4.12-beta-1]
	at org.junit.runners.model.FrameworkMethod.invokeExplosively(FrameworkMethod.java:47) [junit-4.12-beta-1.jar:4.12-beta-1]
	at org.junit.internal.runners.statements.InvokeMethod.evaluate(InvokeMethod.java:17) [junit-4.12-beta-1.jar:4.12-beta-1]
	at org.junit.runners.ParentRunner.runLeaf(ParentRunner.java:325) [junit-4.12-beta-1.jar:4.12-beta-1]
	at org.junit.runners.BlockJUnit4ClassRunner.runChild(BlockJUnit4ClassRunner.java:76) [junit-4.12-beta-1.jar:4.12-beta-1]
	at org.junit.runners.BlockJUnit4ClassRunner.runChild(BlockJUnit4ClassRunner.java:55) [junit-4.12-beta-1.jar:4.12-beta-1]
	at org.junit.runners.ParentRunner$3.run(ParentRunner.java:290) [junit-4.12-beta-1.jar:4.12-beta-1]
	at org.junit.runners.ParentRunner$1.schedule(ParentRunner.java:71) [junit-4.12-beta-1.jar:4.12-beta-1]
	at org.junit.runners.ParentRunner.runChildren(ParentRunner.java:288) [junit-4.12-beta-1.jar:4.12-beta-1]
	at org.junit.runners.ParentRunner.access$000(ParentRunner.java:58) [junit-4.12-beta-1.jar:4.12-beta-1]
	at org.junit.runners.ParentRunner$2.evaluate(ParentRunner.java:268) [junit-4.12-beta-1.jar:4.12-beta-1]
	at org.junit.runners.ParentRunner.run(ParentRunner.java:363) [junit-4.12-beta-1.jar:4.12-beta-1]
	at org.apache.maven.surefire.junit4.JUnit4Provider.execute(JUnit4Provider.java:252) [surefire-junit4-2.12.4.jar:2.12.4]
	at org.apache.maven.surefire.junit4.JUnit4Provider.executeTestSet(JUnit4Provider.java:141) [surefire-junit4-2.12.4.jar:2.12.4]
	at org.apache.maven.surefire.junit4.JUnit4Provider.invoke(JUnit4Provider.java:112) [surefire-junit4-2.12.4.jar:2.12.4]
	at sun.reflect.NativeMethodAccessorImpl.invoke0(Native Method) ~[na:1.7.0_40]
	at sun.reflect.NativeMethodAccessorImpl.invoke(NativeMethodAccessorImpl.java:57) ~[na:1.7.0_40]
	at sun.reflect.DelegatingMethodAccessorImpl.invoke(DelegatingMethodAccessorImpl.java:43) ~[na:1.7.0_40]
	at java.lang.reflect.Method.invoke(Method.java:606) ~[na:1.7.0_40]
	at org.apache.maven.surefire.util.ReflectionUtils.invokeMethodWithArray(ReflectionUtils.java:189) [surefire-api-2.12.4.jar:2.12.4]
	at org.apache.maven.surefire.booter.ProviderFactory$ProviderProxy.invoke(ProviderFactory.java:165) [surefire-booter-2.12.4.jar:2.12.4]
	at org.apache.maven.surefire.booter.ProviderFactory.invokeProvider(ProviderFactory.java:85) [surefire-booter-2.12.4.jar:2.12.4]
	at org.apache.maven.surefire.booter.ForkedBooter.runSuitesInProcess(ForkedBooter.java:115) [surefire-booter-2.12.4.jar:2.12.4]
	at org.apache.maven.surefire.booter.ForkedBooter.main(ForkedBooter.java:75) [surefire-booter-2.12.4.jar:2.12.4]
246  [main] INFO  com.ilupilu.ecm.utils.PropertyUtils - Loading property files. 
249  [main] DEBUG com.ilupilu.ecm.utils.PropertyUtils - Load inner property file. 
250  [main] DEBUG com.ilupilu.ecm.utils.PropertyUtils - Load external property file and merge. 
261  [main] WARN  com.ilupilu.ecm.utils.PropertyUtils - Exception:  
java.io.FileNotFoundException: .\VideoConverter.properties (The system cannot find the file specified)
	at java.io.FileInputStream.open(Native Method) ~[na:1.7.0_40]
	at java.io.FileInputStream.<init>(FileInputStream.java:146) ~[na:1.7.0_40]
	at java.io.FileInputStream.<init>(FileInputStream.java:101) ~[na:1.7.0_40]
	at com.ilupilu.ecm.utils.PropertyUtils.<clinit>(PropertyUtils.java:28) ~[classes/:na]
	at com.ilupilu.ecm.test.PropertyUtilsTest.getShouldReturnValue(PropertyUtilsTest.java:15) [test-classes/:na]
	at sun.reflect.NativeMethodAccessorImpl.invoke0(Native Method) ~[na:1.7.0_40]
	at sun.reflect.NativeMethodAccessorImpl.invoke(NativeMethodAccessorImpl.java:57) ~[na:1.7.0_40]
	at sun.reflect.DelegatingMethodAccessorImpl.invoke(DelegatingMethodAccessorImpl.java:43) ~[na:1.7.0_40]
	at java.lang.reflect.Method.invoke(Method.java:606) ~[na:1.7.0_40]
	at org.junit.runners.model.FrameworkMethod$1.runReflectiveCall(FrameworkMethod.java:50) [junit-4.12-beta-1.jar:4.12-beta-1]
	at org.junit.internal.runners.model.ReflectiveCallable.run(ReflectiveCallable.java:12) [junit-4.12-beta-1.jar:4.12-beta-1]
	at org.junit.runners.model.FrameworkMethod.invokeExplosively(FrameworkMethod.java:47) [junit-4.12-beta-1.jar:4.12-beta-1]
	at org.junit.internal.runners.statements.InvokeMethod.evaluate(InvokeMethod.java:17) [junit-4.12-beta-1.jar:4.12-beta-1]
	at org.junit.runners.ParentRunner.runLeaf(ParentRunner.java:325) [junit-4.12-beta-1.jar:4.12-beta-1]
	at org.junit.runners.BlockJUnit4ClassRunner.runChild(BlockJUnit4ClassRunner.java:76) [junit-4.12-beta-1.jar:4.12-beta-1]
	at org.junit.runners.BlockJUnit4ClassRunner.runChild(BlockJUnit4ClassRunner.java:55) [junit-4.12-beta-1.jar:4.12-beta-1]
	at org.junit.runners.ParentRunner$3.run(ParentRunner.java:290) [junit-4.12-beta-1.jar:4.12-beta-1]
	at org.junit.runners.ParentRunner$1.schedule(ParentRunner.java:71) [junit-4.12-beta-1.jar:4.12-beta-1]
	at org.junit.runners.ParentRunner.runChildren(ParentRunner.java:288) [junit-4.12-beta-1.jar:4.12-beta-1]
	at org.junit.runners.ParentRunner.access$000(ParentRunner.java:58) [junit-4.12-beta-1.jar:4.12-beta-1]
	at org.junit.runners.ParentRunner$2.evaluate(ParentRunner.java:268) [junit-4.12-beta-1.jar:4.12-beta-1]
	at org.junit.runners.ParentRunner.run(ParentRunner.java:363) [junit-4.12-beta-1.jar:4.12-beta-1]
	at org.apache.maven.surefire.junit4.JUnit4Provider.execute(JUnit4Provider.java:252) [surefire-junit4-2.12.4.jar:2.12.4]
	at org.apache.maven.surefire.junit4.JUnit4Provider.executeTestSet(JUnit4Provider.java:141) [surefire-junit4-2.12.4.jar:2.12.4]
	at org.apache.maven.surefire.junit4.JUnit4Provider.invoke(JUnit4Provider.java:112) [surefire-junit4-2.12.4.jar:2.12.4]
	at sun.reflect.NativeMethodAccessorImpl.invoke0(Native Method) ~[na:1.7.0_40]
	at sun.reflect.NativeMethodAccessorImpl.invoke(NativeMethodAccessorImpl.java:57) ~[na:1.7.0_40]
	at sun.reflect.DelegatingMethodAccessorImpl.invoke(DelegatingMethodAccessorImpl.java:43) ~[na:1.7.0_40]
	at java.lang.reflect.Method.invoke(Method.java:606) ~[na:1.7.0_40]
	at org.apache.maven.surefire.util.ReflectionUtils.invokeMethodWithArray(ReflectionUtils.java:189) [surefire-api-2.12.4.jar:2.12.4]
	at org.apache.maven.surefire.booter.ProviderFactory$ProviderProxy.invoke(ProviderFactory.java:165) [surefire-booter-2.12.4.jar:2.12.4]
	at org.apache.maven.surefire.booter.ProviderFactory.invokeProvider(ProviderFactory.java:85) [surefire-booter-2.12.4.jar:2.12.4]
	at org.apache.maven.surefire.booter.ForkedBooter.runSuitesInProcess(ForkedBooter.java:115) [surefire-booter-2.12.4.jar:2.12.4]
	at org.apache.maven.surefire.booter.ForkedBooter.main(ForkedBooter.java:75) [surefire-booter-2.12.4.jar:2.12.4]
244  [main] INFO  com.ilupilu.ecm.utils.PropertyUtils - Loading property files. 
247  [main] DEBUG com.ilupilu.ecm.utils.PropertyUtils - Load inner property file. 
248  [main] DEBUG com.ilupilu.ecm.utils.PropertyUtils - Load external property file and merge. 
259  [main] WARN  com.ilupilu.ecm.utils.PropertyUtils - Exception:  
java.io.FileNotFoundException: .\VideoConverter.properties (The system cannot find the file specified)
	at java.io.FileInputStream.open(Native Method) ~[na:1.7.0_40]
	at java.io.FileInputStream.<init>(FileInputStream.java:146) ~[na:1.7.0_40]
	at java.io.FileInputStream.<init>(FileInputStream.java:101) ~[na:1.7.0_40]
	at com.ilupilu.ecm.utils.PropertyUtils.<clinit>(PropertyUtils.java:28) ~[classes/:na]
	at com.ilupilu.ecm.test.PropertyUtilsTest.getShouldReturnValue(PropertyUtilsTest.java:15) [test-classes/:na]
	at sun.reflect.NativeMethodAccessorImpl.invoke0(Native Method) ~[na:1.7.0_40]
	at sun.reflect.NativeMethodAccessorImpl.invoke(NativeMethodAccessorImpl.java:57) ~[na:1.7.0_40]
	at sun.reflect.DelegatingMethodAccessorImpl.invoke(DelegatingMethodAccessorImpl.java:43) ~[na:1.7.0_40]
	at java.lang.reflect.Method.invoke(Method.java:606) ~[na:1.7.0_40]
	at org.junit.runners.model.FrameworkMethod$1.runReflectiveCall(FrameworkMethod.java:50) [junit-4.12-beta-1.jar:4.12-beta-1]
	at org.junit.internal.runners.model.ReflectiveCallable.run(ReflectiveCallable.java:12) [junit-4.12-beta-1.jar:4.12-beta-1]
	at org.junit.runners.model.FrameworkMethod.invokeExplosively(FrameworkMethod.java:47) [junit-4.12-beta-1.jar:4.12-beta-1]
	at org.junit.internal.runners.statements.InvokeMethod.evaluate(InvokeMethod.java:17) [junit-4.12-beta-1.jar:4.12-beta-1]
	at org.junit.runners.ParentRunner.runLeaf(ParentRunner.java:325) [junit-4.12-beta-1.jar:4.12-beta-1]
	at org.junit.runners.BlockJUnit4ClassRunner.runChild(BlockJUnit4ClassRunner.java:76) [junit-4.12-beta-1.jar:4.12-beta-1]
	at org.junit.runners.BlockJUnit4ClassRunner.runChild(BlockJUnit4ClassRunner.java:55) [junit-4.12-beta-1.jar:4.12-beta-1]
	at org.junit.runners.ParentRunner$3.run(ParentRunner.java:290) [junit-4.12-beta-1.jar:4.12-beta-1]
	at org.junit.runners.ParentRunner$1.schedule(ParentRunner.java:71) [junit-4.12-beta-1.jar:4.12-beta-1]
	at org.junit.runners.ParentRunner.runChildren(ParentRunner.java:288) [junit-4.12-beta-1.jar:4.12-beta-1]
	at org.junit.runners.ParentRunner.access$000(ParentRunner.java:58) [junit-4.12-beta-1.jar:4.12-beta-1]
	at org.junit.runners.ParentRunner$2.evaluate(ParentRunner.java:268) [junit-4.12-beta-1.jar:4.12-beta-1]
	at org.junit.runners.ParentRunner.run(ParentRunner.java:363) [junit-4.12-beta-1.jar:4.12-beta-1]
	at org.apache.maven.surefire.junit4.JUnit4Provider.execute(JUnit4Provider.java:252) [surefire-junit4-2.12.4.jar:2.12.4]
	at org.apache.maven.surefire.junit4.JUnit4Provider.executeTestSet(JUnit4Provider.java:141) [surefire-junit4-2.12.4.jar:2.12.4]
	at org.apache.maven.surefire.junit4.JUnit4Provider.invoke(JUnit4Provider.java:112) [surefire-junit4-2.12.4.jar:2.12.4]
	at sun.reflect.NativeMethodAccessorImpl.invoke0(Native Method) ~[na:1.7.0_40]
	at sun.reflect.NativeMethodAccessorImpl.invoke(NativeMethodAccessorImpl.java:57) ~[na:1.7.0_40]
	at sun.reflect.DelegatingMethodAccessorImpl.invoke(DelegatingMethodAccessorImpl.java:43) ~[na:1.7.0_40]
	at java.lang.reflect.Method.invoke(Method.java:606) ~[na:1.7.0_40]
	at org.apache.maven.surefire.util.ReflectionUtils.invokeMethodWithArray(ReflectionUtils.java:189) [surefire-api-2.12.4.jar:2.12.4]
	at org.apache.maven.surefire.booter.ProviderFactory$ProviderProxy.invoke(ProviderFactory.java:165) [surefire-booter-2.12.4.jar:2.12.4]
	at org.apache.maven.surefire.booter.ProviderFactory.invokeProvider(ProviderFactory.java:85) [surefire-booter-2.12.4.jar:2.12.4]
	at org.apache.maven.surefire.booter.ForkedBooter.runSuitesInProcess(ForkedBooter.java:115) [surefire-booter-2.12.4.jar:2.12.4]
	at org.apache.maven.surefire.booter.ForkedBooter.main(ForkedBooter.java:75) [surefire-booter-2.12.4.jar:2.12.4]
249  [main] INFO  com.ilupilu.ecm.utils.PropertyUtils - Loading property files. 
252  [main] DEBUG com.ilupilu.ecm.utils.PropertyUtils - Load inner property file. 
253  [main] DEBUG com.ilupilu.ecm.utils.PropertyUtils - Load external property file and merge. 
264  [main] WARN  com.ilupilu.ecm.utils.PropertyUtils - Exception:  
java.io.FileNotFoundException: .\VideoConverter.properties (The system cannot find the file specified)
	at java.io.FileInputStream.open(Native Method) ~[na:1.7.0_40]
	at java.io.FileInputStream.<init>(FileInputStream.java:146) ~[na:1.7.0_40]
	at java.io.FileInputStream.<init>(FileInputStream.java:101) ~[na:1.7.0_40]
	at com.ilupilu.ecm.utils.PropertyUtils.<clinit>(PropertyUtils.java:28) ~[classes/:na]
	at com.ilupilu.ecm.test.PropertyUtilsTest.getShouldReturnValue(PropertyUtilsTest.java:15) [test-classes/:na]
	at sun.reflect.NativeMethodAccessorImpl.invoke0(Native Method) ~[na:1.7.0_40]
	at sun.reflect.NativeMethodAccessorImpl.invoke(NativeMethodAccessorImpl.java:57) ~[na:1.7.0_40]
	at sun.reflect.DelegatingMethodAccessorImpl.invoke(DelegatingMethodAccessorImpl.java:43) ~[na:1.7.0_40]
	at java.lang.reflect.Method.invoke(Method.java:606) ~[na:1.7.0_40]
	at org.junit.runners.model.FrameworkMethod$1.runReflectiveCall(FrameworkMethod.java:50) [junit-4.12-beta-1.jar:4.12-beta-1]
	at org.junit.internal.runners.model.ReflectiveCallable.run(ReflectiveCallable.java:12) [junit-4.12-beta-1.jar:4.12-beta-1]
	at org.junit.runners.model.FrameworkMethod.invokeExplosively(FrameworkMethod.java:47) [junit-4.12-beta-1.jar:4.12-beta-1]
	at org.junit.internal.runners.statements.InvokeMethod.evaluate(InvokeMethod.java:17) [junit-4.12-beta-1.jar:4.12-beta-1]
	at org.junit.runners.ParentRunner.runLeaf(ParentRunner.java:325) [junit-4.12-beta-1.jar:4.12-beta-1]
	at org.junit.runners.BlockJUnit4ClassRunner.runChild(BlockJUnit4ClassRunner.java:76) [junit-4.12-beta-1.jar:4.12-beta-1]
	at org.junit.runners.BlockJUnit4ClassRunner.runChild(BlockJUnit4ClassRunner.java:55) [junit-4.12-beta-1.jar:4.12-beta-1]
	at org.junit.runners.ParentRunner$3.run(ParentRunner.java:290) [junit-4.12-beta-1.jar:4.12-beta-1]
	at org.junit.runners.ParentRunner$1.schedule(ParentRunner.java:71) [junit-4.12-beta-1.jar:4.12-beta-1]
	at org.junit.runners.ParentRunner.runChildren(ParentRunner.java:288) [junit-4.12-beta-1.jar:4.12-beta-1]
	at org.junit.runners.ParentRunner.access$000(ParentRunner.java:58) [junit-4.12-beta-1.jar:4.12-beta-1]
	at org.junit.runners.ParentRunner$2.evaluate(ParentRunner.java:268) [junit-4.12-beta-1.jar:4.12-beta-1]
	at org.junit.runners.ParentRunner.run(ParentRunner.java:363) [junit-4.12-beta-1.jar:4.12-beta-1]
	at org.apache.maven.surefire.junit4.JUnit4Provider.execute(JUnit4Provider.java:252) [surefire-junit4-2.12.4.jar:2.12.4]
	at org.apache.maven.surefire.junit4.JUnit4Provider.executeTestSet(JUnit4Provider.java:141) [surefire-junit4-2.12.4.jar:2.12.4]
	at org.apache.maven.surefire.junit4.JUnit4Provider.invoke(JUnit4Provider.java:112) [surefire-junit4-2.12.4.jar:2.12.4]
	at sun.reflect.NativeMethodAccessorImpl.invoke0(Native Method) ~[na:1.7.0_40]
	at sun.reflect.NativeMethodAccessorImpl.invoke(NativeMethodAccessorImpl.java:57) ~[na:1.7.0_40]
	at sun.reflect.DelegatingMethodAccessorImpl.invoke(DelegatingMethodAccessorImpl.java:43) ~[na:1.7.0_40]
	at java.lang.reflect.Method.invoke(Method.java:606) ~[na:1.7.0_40]
	at org.apache.maven.surefire.util.ReflectionUtils.invokeMethodWithArray(ReflectionUtils.java:189) [surefire-api-2.12.4.jar:2.12.4]
	at org.apache.maven.surefire.booter.ProviderFactory$ProviderProxy.invoke(ProviderFactory.java:165) [surefire-booter-2.12.4.jar:2.12.4]
	at org.apache.maven.surefire.booter.ProviderFactory.invokeProvider(ProviderFactory.java:85) [surefire-booter-2.12.4.jar:2.12.4]
	at org.apache.maven.surefire.booter.ForkedBooter.runSuitesInProcess(ForkedBooter.java:115) [surefire-booter-2.12.4.jar:2.12.4]
	at org.apache.maven.surefire.booter.ForkedBooter.main(ForkedBooter.java:75) [surefire-booter-2.12.4.jar:2.12.4]
249  [main] INFO  com.ilupilu.ecm.utils.PropertyUtils - Loading property files. 
253  [main] DEBUG com.ilupilu.ecm.utils.PropertyUtils - Load inner property file. 
254  [main] DEBUG com.ilupilu.ecm.utils.PropertyUtils - Load external property file and merge. 
265  [main] WARN  com.ilupilu.ecm.utils.PropertyUtils - Exception:  
java.io.FileNotFoundException: .\VideoConverter.properties (The system cannot find the file specified)
	at java.io.FileInputStream.open(Native Method) ~[na:1.7.0_40]
	at java.io.FileInputStream.<init>(FileInputStream.java:146) ~[na:1.7.0_40]
	at java.io.FileInputStream.<init>(FileInputStream.java:101) ~[na:1.7.0_40]
	at com.ilupilu.ecm.utils.PropertyUtils.<clinit>(PropertyUtils.java:28) ~[classes/:na]
	at com.ilupilu.ecm.test.PropertyUtilsTest.getShouldReturnValue(PropertyUtilsTest.java:15) [test-classes/:na]
	at sun.reflect.NativeMethodAccessorImpl.invoke0(Native Method) ~[na:1.7.0_40]
	at sun.reflect.NativeMethodAccessorImpl.invoke(NativeMethodAccessorImpl.java:57) ~[na:1.7.0_40]
	at sun.reflect.DelegatingMethodAccessorImpl.invoke(DelegatingMethodAccessorImpl.java:43) ~[na:1.7.0_40]
	at java.lang.reflect.Method.invoke(Method.java:606) ~[na:1.7.0_40]
	at org.junit.runners.model.FrameworkMethod$1.runReflectiveCall(FrameworkMethod.java:50) [junit-4.12-beta-1.jar:4.12-beta-1]
	at org.junit.internal.runners.model.ReflectiveCallable.run(ReflectiveCallable.java:12) [junit-4.12-beta-1.jar:4.12-beta-1]
	at org.junit.runners.model.FrameworkMethod.invokeExplosively(FrameworkMethod.java:47) [junit-4.12-beta-1.jar:4.12-beta-1]
	at org.junit.internal.runners.statements.InvokeMethod.evaluate(InvokeMethod.java:17) [junit-4.12-beta-1.jar:4.12-beta-1]
	at org.junit.runners.ParentRunner.runLeaf(ParentRunner.java:325) [junit-4.12-beta-1.jar:4.12-beta-1]
	at org.junit.runners.BlockJUnit4ClassRunner.runChild(BlockJUnit4ClassRunner.java:76) [junit-4.12-beta-1.jar:4.12-beta-1]
	at org.junit.runners.BlockJUnit4ClassRunner.runChild(BlockJUnit4ClassRunner.java:55) [junit-4.12-beta-1.jar:4.12-beta-1]
	at org.junit.runners.ParentRunner$3.run(ParentRunner.java:290) [junit-4.12-beta-1.jar:4.12-beta-1]
	at org.junit.runners.ParentRunner$1.schedule(ParentRunner.java:71) [junit-4.12-beta-1.jar:4.12-beta-1]
	at org.junit.runners.ParentRunner.runChildren(ParentRunner.java:288) [junit-4.12-beta-1.jar:4.12-beta-1]
	at org.junit.runners.ParentRunner.access$000(ParentRunner.java:58) [junit-4.12-beta-1.jar:4.12-beta-1]
	at org.junit.runners.ParentRunner$2.evaluate(ParentRunner.java:268) [junit-4.12-beta-1.jar:4.12-beta-1]
	at org.junit.runners.ParentRunner.run(ParentRunner.java:363) [junit-4.12-beta-1.jar:4.12-beta-1]
	at org.apache.maven.surefire.junit4.JUnit4Provider.execute(JUnit4Provider.java:252) [surefire-junit4-2.12.4.jar:2.12.4]
	at org.apache.maven.surefire.junit4.JUnit4Provider.executeTestSet(JUnit4Provider.java:141) [surefire-junit4-2.12.4.jar:2.12.4]
	at org.apache.maven.surefire.junit4.JUnit4Provider.invoke(JUnit4Provider.java:112) [surefire-junit4-2.12.4.jar:2.12.4]
	at sun.reflect.NativeMethodAccessorImpl.invoke0(Native Method) ~[na:1.7.0_40]
	at sun.reflect.NativeMethodAccessorImpl.invoke(NativeMethodAccessorImpl.java:57) ~[na:1.7.0_40]
	at sun.reflect.DelegatingMethodAccessorImpl.invoke(DelegatingMethodAccessorImpl.java:43) ~[na:1.7.0_40]
	at java.lang.reflect.Method.invoke(Method.java:606) ~[na:1.7.0_40]
	at org.apache.maven.surefire.util.ReflectionUtils.invokeMethodWithArray(ReflectionUtils.java:189) [surefire-api-2.12.4.jar:2.12.4]
	at org.apache.maven.surefire.booter.ProviderFactory$ProviderProxy.invoke(ProviderFactory.java:165) [surefire-booter-2.12.4.jar:2.12.4]
	at org.apache.maven.surefire.booter.ProviderFactory.invokeProvider(ProviderFactory.java:85) [surefire-booter-2.12.4.jar:2.12.4]
	at org.apache.maven.surefire.booter.ForkedBooter.runSuitesInProcess(ForkedBooter.java:115) [surefire-booter-2.12.4.jar:2.12.4]
	at org.apache.maven.surefire.booter.ForkedBooter.main(ForkedBooter.java:75) [surefire-booter-2.12.4.jar:2.12.4]
241  [main] INFO  com.ilupilu.ecm.utils.PropertyUtils - Loading property files. 
245  [main] DEBUG com.ilupilu.ecm.utils.PropertyUtils - Load inner property file. 
245  [main] DEBUG com.ilupilu.ecm.utils.PropertyUtils - Load external property file and merge. 
257  [main] WARN  com.ilupilu.ecm.utils.PropertyUtils - Exception:  
java.io.FileNotFoundException: .\VideoConverter.properties (The system cannot find the file specified)
	at java.io.FileInputStream.open(Native Method) ~[na:1.7.0_40]
	at java.io.FileInputStream.<init>(FileInputStream.java:146) ~[na:1.7.0_40]
	at java.io.FileInputStream.<init>(FileInputStream.java:101) ~[na:1.7.0_40]
	at com.ilupilu.ecm.utils.PropertyUtils.<clinit>(PropertyUtils.java:28) ~[classes/:na]
	at com.ilupilu.ecm.test.PropertyUtilsTest.getShouldReturnValue(PropertyUtilsTest.java:15) [test-classes/:na]
	at sun.reflect.NativeMethodAccessorImpl.invoke0(Native Method) ~[na:1.7.0_40]
	at sun.reflect.NativeMethodAccessorImpl.invoke(NativeMethodAccessorImpl.java:57) ~[na:1.7.0_40]
	at sun.reflect.DelegatingMethodAccessorImpl.invoke(DelegatingMethodAccessorImpl.java:43) ~[na:1.7.0_40]
	at java.lang.reflect.Method.invoke(Method.java:606) ~[na:1.7.0_40]
	at org.junit.runners.model.FrameworkMethod$1.runReflectiveCall(FrameworkMethod.java:50) [junit-4.12-beta-1.jar:4.12-beta-1]
	at org.junit.internal.runners.model.ReflectiveCallable.run(ReflectiveCallable.java:12) [junit-4.12-beta-1.jar:4.12-beta-1]
	at org.junit.runners.model.FrameworkMethod.invokeExplosively(FrameworkMethod.java:47) [junit-4.12-beta-1.jar:4.12-beta-1]
	at org.junit.internal.runners.statements.InvokeMethod.evaluate(InvokeMethod.java:17) [junit-4.12-beta-1.jar:4.12-beta-1]
	at org.junit.runners.ParentRunner.runLeaf(ParentRunner.java:325) [junit-4.12-beta-1.jar:4.12-beta-1]
	at org.junit.runners.BlockJUnit4ClassRunner.runChild(BlockJUnit4ClassRunner.java:76) [junit-4.12-beta-1.jar:4.12-beta-1]
	at org.junit.runners.BlockJUnit4ClassRunner.runChild(BlockJUnit4ClassRunner.java:55) [junit-4.12-beta-1.jar:4.12-beta-1]
	at org.junit.runners.ParentRunner$3.run(ParentRunner.java:290) [junit-4.12-beta-1.jar:4.12-beta-1]
	at org.junit.runners.ParentRunner$1.schedule(ParentRunner.java:71) [junit-4.12-beta-1.jar:4.12-beta-1]
	at org.junit.runners.ParentRunner.runChildren(ParentRunner.java:288) [junit-4.12-beta-1.jar:4.12-beta-1]
	at org.junit.runners.ParentRunner.access$000(ParentRunner.java:58) [junit-4.12-beta-1.jar:4.12-beta-1]
	at org.junit.runners.ParentRunner$2.evaluate(ParentRunner.java:268) [junit-4.12-beta-1.jar:4.12-beta-1]
	at org.junit.runners.ParentRunner.run(ParentRunner.java:363) [junit-4.12-beta-1.jar:4.12-beta-1]
	at org.apache.maven.surefire.junit4.JUnit4Provider.execute(JUnit4Provider.java:252) [surefire-junit4-2.12.4.jar:2.12.4]
	at org.apache.maven.surefire.junit4.JUnit4Provider.executeTestSet(JUnit4Provider.java:141) [surefire-junit4-2.12.4.jar:2.12.4]
	at org.apache.maven.surefire.junit4.JUnit4Provider.invoke(JUnit4Provider.java:112) [surefire-junit4-2.12.4.jar:2.12.4]
	at sun.reflect.NativeMethodAccessorImpl.invoke0(Native Method) ~[na:1.7.0_40]
	at sun.reflect.NativeMethodAccessorImpl.invoke(NativeMethodAccessorImpl.java:57) ~[na:1.7.0_40]
	at sun.reflect.DelegatingMethodAccessorImpl.invoke(DelegatingMethodAccessorImpl.java:43) ~[na:1.7.0_40]
	at java.lang.reflect.Method.invoke(Method.java:606) ~[na:1.7.0_40]
	at org.apache.maven.surefire.util.ReflectionUtils.invokeMethodWithArray(ReflectionUtils.java:189) [surefire-api-2.12.4.jar:2.12.4]
	at org.apache.maven.surefire.booter.ProviderFactory$ProviderProxy.invoke(ProviderFactory.java:165) [surefire-booter-2.12.4.jar:2.12.4]
	at org.apache.maven.surefire.booter.ProviderFactory.invokeProvider(ProviderFactory.java:85) [surefire-booter-2.12.4.jar:2.12.4]
	at org.apache.maven.surefire.booter.ForkedBooter.runSuitesInProcess(ForkedBooter.java:115) [surefire-booter-2.12.4.jar:2.12.4]
	at org.apache.maven.surefire.booter.ForkedBooter.main(ForkedBooter.java:75) [surefire-booter-2.12.4.jar:2.12.4]
30546 [main] INFO  com.ilupilu.ecm.utils.PropertyUtils - Loading property files. 
30549 [main] DEBUG com.ilupilu.ecm.utils.PropertyUtils - Load inner property file. 
30550 [main] DEBUG com.ilupilu.ecm.utils.PropertyUtils - Load external property file and merge. 
30558 [main] WARN  com.ilupilu.ecm.utils.PropertyUtils - Exception:  
java.io.FileNotFoundException: .\VideoConverter.properties (The system cannot find the file specified)
	at java.io.FileInputStream.open(Native Method) ~[na:1.7.0_40]
	at java.io.FileInputStream.<init>(FileInputStream.java:146) ~[na:1.7.0_40]
	at java.io.FileInputStream.<init>(FileInputStream.java:101) ~[na:1.7.0_40]
	at com.ilupilu.ecm.utils.PropertyUtils.<clinit>(PropertyUtils.java:28) ~[classes/:na]
	at com.ilupilu.ecm.test.PropertyUtilsTest.getShouldReturnValue(PropertyUtilsTest.java:15) [test-classes/:na]
	at sun.reflect.NativeMethodAccessorImpl.invoke0(Native Method) ~[na:1.7.0_40]
	at sun.reflect.NativeMethodAccessorImpl.invoke(NativeMethodAccessorImpl.java:57) ~[na:1.7.0_40]
	at sun.reflect.DelegatingMethodAccessorImpl.invoke(DelegatingMethodAccessorImpl.java:43) ~[na:1.7.0_40]
	at java.lang.reflect.Method.invoke(Method.java:606) ~[na:1.7.0_40]
	at org.junit.runners.model.FrameworkMethod$1.runReflectiveCall(FrameworkMethod.java:50) [junit-4.12-beta-1.jar:4.12-beta-1]
	at org.junit.internal.runners.model.ReflectiveCallable.run(ReflectiveCallable.java:12) [junit-4.12-beta-1.jar:4.12-beta-1]
	at org.junit.runners.model.FrameworkMethod.invokeExplosively(FrameworkMethod.java:47) [junit-4.12-beta-1.jar:4.12-beta-1]
	at org.junit.internal.runners.statements.InvokeMethod.evaluate(InvokeMethod.java:17) [junit-4.12-beta-1.jar:4.12-beta-1]
	at org.junit.runners.ParentRunner.runLeaf(ParentRunner.java:325) [junit-4.12-beta-1.jar:4.12-beta-1]
	at org.junit.runners.BlockJUnit4ClassRunner.runChild(BlockJUnit4ClassRunner.java:76) [junit-4.12-beta-1.jar:4.12-beta-1]
	at org.junit.runners.BlockJUnit4ClassRunner.runChild(BlockJUnit4ClassRunner.java:55) [junit-4.12-beta-1.jar:4.12-beta-1]
	at org.junit.runners.ParentRunner$3.run(ParentRunner.java:290) [junit-4.12-beta-1.jar:4.12-beta-1]
	at org.junit.runners.ParentRunner$1.schedule(ParentRunner.java:71) [junit-4.12-beta-1.jar:4.12-beta-1]
	at org.junit.runners.ParentRunner.runChildren(ParentRunner.java:288) [junit-4.12-beta-1.jar:4.12-beta-1]
	at org.junit.runners.ParentRunner.access$000(ParentRunner.java:58) [junit-4.12-beta-1.jar:4.12-beta-1]
	at org.junit.runners.ParentRunner$2.evaluate(ParentRunner.java:268) [junit-4.12-beta-1.jar:4.12-beta-1]
	at org.junit.runners.ParentRunner.run(ParentRunner.java:363) [junit-4.12-beta-1.jar:4.12-beta-1]
	at org.apache.maven.surefire.junit4.JUnit4Provider.execute(JUnit4Provider.java:252) [surefire-junit4-2.12.4.jar:2.12.4]
	at org.apache.maven.surefire.junit4.JUnit4Provider.executeTestSet(JUnit4Provider.java:141) [surefire-junit4-2.12.4.jar:2.12.4]
	at org.apache.maven.surefire.junit4.JUnit4Provider.invoke(JUnit4Provider.java:112) [surefire-junit4-2.12.4.jar:2.12.4]
	at sun.reflect.NativeMethodAccessorImpl.invoke0(Native Method) ~[na:1.7.0_40]
	at sun.reflect.NativeMethodAccessorImpl.invoke(NativeMethodAccessorImpl.java:57) ~[na:1.7.0_40]
	at sun.reflect.DelegatingMethodAccessorImpl.invoke(DelegatingMethodAccessorImpl.java:43) ~[na:1.7.0_40]
	at java.lang.reflect.Method.invoke(Method.java:606) ~[na:1.7.0_40]
	at org.apache.maven.surefire.util.ReflectionUtils.invokeMethodWithArray(ReflectionUtils.java:189) [surefire-api-2.12.4.jar:2.12.4]
	at org.apache.maven.surefire.booter.ProviderFactory$ProviderProxy.invoke(ProviderFactory.java:165) [surefire-booter-2.12.4.jar:2.12.4]
	at org.apache.maven.surefire.booter.ProviderFactory.invokeProvider(ProviderFactory.java:85) [surefire-booter-2.12.4.jar:2.12.4]
	at org.apache.maven.surefire.booter.ForkedBooter.runSuitesInProcess(ForkedBooter.java:115) [surefire-booter-2.12.4.jar:2.12.4]
	at org.apache.maven.surefire.booter.ForkedBooter.main(ForkedBooter.java:75) [surefire-booter-2.12.4.jar:2.12.4]
259  [main] INFO  com.ilupilu.ecm.utils.PropertyUtils - Loading property files. 
262  [main] DEBUG com.ilupilu.ecm.utils.PropertyUtils - Load inner property file. 
263  [main] DEBUG com.ilupilu.ecm.utils.PropertyUtils - Load external property file and merge. 
278  [main] WARN  com.ilupilu.ecm.utils.PropertyUtils - Exception:  
java.io.FileNotFoundException: .\VideoConverter.properties (The system cannot find the file specified)
	at java.io.FileInputStream.open(Native Method) ~[na:1.7.0_40]
	at java.io.FileInputStream.<init>(FileInputStream.java:146) ~[na:1.7.0_40]
	at java.io.FileInputStream.<init>(FileInputStream.java:101) ~[na:1.7.0_40]
	at com.ilupilu.ecm.utils.PropertyUtils.<clinit>(PropertyUtils.java:28) ~[classes/:na]
	at com.ilupilu.ecm.test.ConvertionTest.Test(ConvertionTest.java:22) [test-classes/:na]
	at sun.reflect.NativeMethodAccessorImpl.invoke0(Native Method) ~[na:1.7.0_40]
	at sun.reflect.NativeMethodAccessorImpl.invoke(NativeMethodAccessorImpl.java:57) ~[na:1.7.0_40]
	at sun.reflect.DelegatingMethodAccessorImpl.invoke(DelegatingMethodAccessorImpl.java:43) ~[na:1.7.0_40]
	at java.lang.reflect.Method.invoke(Method.java:606) ~[na:1.7.0_40]
	at org.junit.runners.model.FrameworkMethod$1.runReflectiveCall(FrameworkMethod.java:50) [junit-4.12-beta-1.jar:4.12-beta-1]
	at org.junit.internal.runners.model.ReflectiveCallable.run(ReflectiveCallable.java:12) [junit-4.12-beta-1.jar:4.12-beta-1]
	at org.junit.runners.model.FrameworkMethod.invokeExplosively(FrameworkMethod.java:47) [junit-4.12-beta-1.jar:4.12-beta-1]
	at org.junit.internal.runners.statements.InvokeMethod.evaluate(InvokeMethod.java:17) [junit-4.12-beta-1.jar:4.12-beta-1]
	at org.junit.runners.ParentRunner.runLeaf(ParentRunner.java:325) [junit-4.12-beta-1.jar:4.12-beta-1]
	at org.junit.runners.BlockJUnit4ClassRunner.runChild(BlockJUnit4ClassRunner.java:76) [junit-4.12-beta-1.jar:4.12-beta-1]
	at org.junit.runners.BlockJUnit4ClassRunner.runChild(BlockJUnit4ClassRunner.java:55) [junit-4.12-beta-1.jar:4.12-beta-1]
	at org.junit.runners.ParentRunner$3.run(ParentRunner.java:290) [junit-4.12-beta-1.jar:4.12-beta-1]
	at org.junit.runners.ParentRunner$1.schedule(ParentRunner.java:71) [junit-4.12-beta-1.jar:4.12-beta-1]
	at org.junit.runners.ParentRunner.runChildren(ParentRunner.java:288) [junit-4.12-beta-1.jar:4.12-beta-1]
	at org.junit.runners.ParentRunner.access$000(ParentRunner.java:58) [junit-4.12-beta-1.jar:4.12-beta-1]
	at org.junit.runners.ParentRunner$2.evaluate(ParentRunner.java:268) [junit-4.12-beta-1.jar:4.12-beta-1]
	at org.junit.runners.ParentRunner.run(ParentRunner.java:363) [junit-4.12-beta-1.jar:4.12-beta-1]
	at org.apache.maven.surefire.junit4.JUnit4Provider.execute(JUnit4Provider.java:252) [surefire-junit4-2.12.4.jar:2.12.4]
	at org.apache.maven.surefire.junit4.JUnit4Provider.executeTestSet(JUnit4Provider.java:141) [surefire-junit4-2.12.4.jar:2.12.4]
	at org.apache.maven.surefire.junit4.JUnit4Provider.invoke(JUnit4Provider.java:112) [surefire-junit4-2.12.4.jar:2.12.4]
	at sun.reflect.NativeMethodAccessorImpl.invoke0(Native Method) ~[na:1.7.0_40]
	at sun.reflect.NativeMethodAccessorImpl.invoke(NativeMethodAccessorImpl.java:57) ~[na:1.7.0_40]
	at sun.reflect.DelegatingMethodAccessorImpl.invoke(DelegatingMethodAccessorImpl.java:43) ~[na:1.7.0_40]
	at java.lang.reflect.Method.invoke(Method.java:606) ~[na:1.7.0_40]
	at org.apache.maven.surefire.util.ReflectionUtils.invokeMethodWithArray(ReflectionUtils.java:189) [surefire-api-2.12.4.jar:2.12.4]
	at org.apache.maven.surefire.booter.ProviderFactory$ProviderProxy.invoke(ProviderFactory.java:165) [surefire-booter-2.12.4.jar:2.12.4]
	at org.apache.maven.surefire.booter.ProviderFactory.invokeProvider(ProviderFactory.java:85) [surefire-booter-2.12.4.jar:2.12.4]
	at org.apache.maven.surefire.booter.ForkedBooter.runSuitesInProcess(ForkedBooter.java:115) [surefire-booter-2.12.4.jar:2.12.4]
	at org.apache.maven.surefire.booter.ForkedBooter.main(ForkedBooter.java:75) [surefire-booter-2.12.4.jar:2.12.4]
3926 [Finalizer] DEBUG com.xuggle.xuggler - Closing dangling Container (../../../../../../../csrc/com/xuggle/xuggler/Container.cpp:146) 
262  [main] INFO  com.ilupilu.ecm.utils.PropertyUtils - Loading property files. 
266  [main] DEBUG com.ilupilu.ecm.utils.PropertyUtils - Load inner property file. 
266  [main] DEBUG com.ilupilu.ecm.utils.PropertyUtils - Load external property file and merge. 
282  [main] WARN  com.ilupilu.ecm.utils.PropertyUtils - Exception:  
java.io.FileNotFoundException: .\VideoConverter.properties (The system cannot find the file specified)
	at java.io.FileInputStream.open(Native Method) ~[na:1.7.0_40]
	at java.io.FileInputStream.<init>(FileInputStream.java:146) ~[na:1.7.0_40]
	at java.io.FileInputStream.<init>(FileInputStream.java:101) ~[na:1.7.0_40]
	at com.ilupilu.ecm.utils.PropertyUtils.<clinit>(PropertyUtils.java:28) ~[classes/:na]
	at com.ilupilu.ecm.test.ConvertionTest.Test(ConvertionTest.java:22) [test-classes/:na]
	at sun.reflect.NativeMethodAccessorImpl.invoke0(Native Method) ~[na:1.7.0_40]
	at sun.reflect.NativeMethodAccessorImpl.invoke(NativeMethodAccessorImpl.java:57) ~[na:1.7.0_40]
	at sun.reflect.DelegatingMethodAccessorImpl.invoke(DelegatingMethodAccessorImpl.java:43) ~[na:1.7.0_40]
	at java.lang.reflect.Method.invoke(Method.java:606) ~[na:1.7.0_40]
	at org.junit.runners.model.FrameworkMethod$1.runReflectiveCall(FrameworkMethod.java:50) [junit-4.12-beta-1.jar:4.12-beta-1]
	at org.junit.internal.runners.model.ReflectiveCallable.run(ReflectiveCallable.java:12) [junit-4.12-beta-1.jar:4.12-beta-1]
	at org.junit.runners.model.FrameworkMethod.invokeExplosively(FrameworkMethod.java:47) [junit-4.12-beta-1.jar:4.12-beta-1]
	at org.junit.internal.runners.statements.InvokeMethod.evaluate(InvokeMethod.java:17) [junit-4.12-beta-1.jar:4.12-beta-1]
	at org.junit.runners.ParentRunner.runLeaf(ParentRunner.java:325) [junit-4.12-beta-1.jar:4.12-beta-1]
	at org.junit.runners.BlockJUnit4ClassRunner.runChild(BlockJUnit4ClassRunner.java:76) [junit-4.12-beta-1.jar:4.12-beta-1]
	at org.junit.runners.BlockJUnit4ClassRunner.runChild(BlockJUnit4ClassRunner.java:55) [junit-4.12-beta-1.jar:4.12-beta-1]
	at org.junit.runners.ParentRunner$3.run(ParentRunner.java:290) [junit-4.12-beta-1.jar:4.12-beta-1]
	at org.junit.runners.ParentRunner$1.schedule(ParentRunner.java:71) [junit-4.12-beta-1.jar:4.12-beta-1]
	at org.junit.runners.ParentRunner.runChildren(ParentRunner.java:288) [junit-4.12-beta-1.jar:4.12-beta-1]
	at org.junit.runners.ParentRunner.access$000(ParentRunner.java:58) [junit-4.12-beta-1.jar:4.12-beta-1]
	at org.junit.runners.ParentRunner$2.evaluate(ParentRunner.java:268) [junit-4.12-beta-1.jar:4.12-beta-1]
	at org.junit.runners.ParentRunner.run(ParentRunner.java:363) [junit-4.12-beta-1.jar:4.12-beta-1]
	at org.apache.maven.surefire.junit4.JUnit4Provider.execute(JUnit4Provider.java:252) [surefire-junit4-2.12.4.jar:2.12.4]
	at org.apache.maven.surefire.junit4.JUnit4Provider.executeTestSet(JUnit4Provider.java:141) [surefire-junit4-2.12.4.jar:2.12.4]
	at org.apache.maven.surefire.junit4.JUnit4Provider.invoke(JUnit4Provider.java:112) [surefire-junit4-2.12.4.jar:2.12.4]
	at sun.reflect.NativeMethodAccessorImpl.invoke0(Native Method) ~[na:1.7.0_40]
	at sun.reflect.NativeMethodAccessorImpl.invoke(NativeMethodAccessorImpl.java:57) ~[na:1.7.0_40]
	at sun.reflect.DelegatingMethodAccessorImpl.invoke(DelegatingMethodAccessorImpl.java:43) ~[na:1.7.0_40]
	at java.lang.reflect.Method.invoke(Method.java:606) ~[na:1.7.0_40]
	at org.apache.maven.surefire.util.ReflectionUtils.invokeMethodWithArray(ReflectionUtils.java:189) [surefire-api-2.12.4.jar:2.12.4]
	at org.apache.maven.surefire.booter.ProviderFactory$ProviderProxy.invoke(ProviderFactory.java:165) [surefire-booter-2.12.4.jar:2.12.4]
	at org.apache.maven.surefire.booter.ProviderFactory.invokeProvider(ProviderFactory.java:85) [surefire-booter-2.12.4.jar:2.12.4]
	at org.apache.maven.surefire.booter.ForkedBooter.runSuitesInProcess(ForkedBooter.java:115) [surefire-booter-2.12.4.jar:2.12.4]
	at org.apache.maven.surefire.booter.ForkedBooter.main(ForkedBooter.java:75) [surefire-booter-2.12.4.jar:2.12.4]
237  [main] INFO  com.ilupilu.ecm.utils.PropertyUtils - Loading property files. 
240  [main] DEBUG com.ilupilu.ecm.utils.PropertyUtils - Load inner property file. 
240  [main] DEBUG com.ilupilu.ecm.utils.PropertyUtils - Load external property file and merge. 
256  [main] WARN  com.ilupilu.ecm.utils.PropertyUtils - Exception:  
java.io.FileNotFoundException: .\VideoConverter.properties (The system cannot find the file specified)
	at java.io.FileInputStream.open(Native Method) ~[na:1.7.0_40]
	at java.io.FileInputStream.<init>(FileInputStream.java:146) ~[na:1.7.0_40]
	at java.io.FileInputStream.<init>(FileInputStream.java:101) ~[na:1.7.0_40]
	at com.ilupilu.ecm.utils.PropertyUtils.<clinit>(PropertyUtils.java:28) ~[classes/:na]
	at com.ilupilu.ecm.test.ConvertionTest.Test(ConvertionTest.java:22) [test-classes/:na]
	at sun.reflect.NativeMethodAccessorImpl.invoke0(Native Method) ~[na:1.7.0_40]
	at sun.reflect.NativeMethodAccessorImpl.invoke(NativeMethodAccessorImpl.java:57) ~[na:1.7.0_40]
	at sun.reflect.DelegatingMethodAccessorImpl.invoke(DelegatingMethodAccessorImpl.java:43) ~[na:1.7.0_40]
	at java.lang.reflect.Method.invoke(Method.java:606) ~[na:1.7.0_40]
	at org.junit.runners.model.FrameworkMethod$1.runReflectiveCall(FrameworkMethod.java:50) [junit-4.12-beta-1.jar:4.12-beta-1]
	at org.junit.internal.runners.model.ReflectiveCallable.run(ReflectiveCallable.java:12) [junit-4.12-beta-1.jar:4.12-beta-1]
	at org.junit.runners.model.FrameworkMethod.invokeExplosively(FrameworkMethod.java:47) [junit-4.12-beta-1.jar:4.12-beta-1]
	at org.junit.internal.runners.statements.InvokeMethod.evaluate(InvokeMethod.java:17) [junit-4.12-beta-1.jar:4.12-beta-1]
	at org.junit.runners.ParentRunner.runLeaf(ParentRunner.java:325) [junit-4.12-beta-1.jar:4.12-beta-1]
	at org.junit.runners.BlockJUnit4ClassRunner.runChild(BlockJUnit4ClassRunner.java:76) [junit-4.12-beta-1.jar:4.12-beta-1]
	at org.junit.runners.BlockJUnit4ClassRunner.runChild(BlockJUnit4ClassRunner.java:55) [junit-4.12-beta-1.jar:4.12-beta-1]
	at org.junit.runners.ParentRunner$3.run(ParentRunner.java:290) [junit-4.12-beta-1.jar:4.12-beta-1]
	at org.junit.runners.ParentRunner$1.schedule(ParentRunner.java:71) [junit-4.12-beta-1.jar:4.12-beta-1]
	at org.junit.runners.ParentRunner.runChildren(ParentRunner.java:288) [junit-4.12-beta-1.jar:4.12-beta-1]
	at org.junit.runners.ParentRunner.access$000(ParentRunner.java:58) [junit-4.12-beta-1.jar:4.12-beta-1]
	at org.junit.runners.ParentRunner$2.evaluate(ParentRunner.java:268) [junit-4.12-beta-1.jar:4.12-beta-1]
	at org.junit.runners.ParentRunner.run(ParentRunner.java:363) [junit-4.12-beta-1.jar:4.12-beta-1]
	at org.apache.maven.surefire.junit4.JUnit4Provider.execute(JUnit4Provider.java:252) [surefire-junit4-2.12.4.jar:2.12.4]
	at org.apache.maven.surefire.junit4.JUnit4Provider.executeTestSet(JUnit4Provider.java:141) [surefire-junit4-2.12.4.jar:2.12.4]
	at org.apache.maven.surefire.junit4.JUnit4Provider.invoke(JUnit4Provider.java:112) [surefire-junit4-2.12.4.jar:2.12.4]
	at sun.reflect.NativeMethodAccessorImpl.invoke0(Native Method) ~[na:1.7.0_40]
	at sun.reflect.NativeMethodAccessorImpl.invoke(NativeMethodAccessorImpl.java:57) ~[na:1.7.0_40]
	at sun.reflect.DelegatingMethodAccessorImpl.invoke(DelegatingMethodAccessorImpl.java:43) ~[na:1.7.0_40]
	at java.lang.reflect.Method.invoke(Method.java:606) ~[na:1.7.0_40]
	at org.apache.maven.surefire.util.ReflectionUtils.invokeMethodWithArray(ReflectionUtils.java:189) [surefire-api-2.12.4.jar:2.12.4]
	at org.apache.maven.surefire.booter.ProviderFactory$ProviderProxy.invoke(ProviderFactory.java:165) [surefire-booter-2.12.4.jar:2.12.4]
	at org.apache.maven.surefire.booter.ProviderFactory.invokeProvider(ProviderFactory.java:85) [surefire-booter-2.12.4.jar:2.12.4]
	at org.apache.maven.surefire.booter.ForkedBooter.runSuitesInProcess(ForkedBooter.java:115) [surefire-booter-2.12.4.jar:2.12.4]
	at org.apache.maven.surefire.booter.ForkedBooter.main(ForkedBooter.java:75) [surefire-booter-2.12.4.jar:2.12.4]
249  [main] INFO  com.ilupilu.ecm.utils.PropertyUtils - Loading property files. 
253  [main] DEBUG com.ilupilu.ecm.utils.PropertyUtils - Load inner property file. 
253  [main] DEBUG com.ilupilu.ecm.utils.PropertyUtils - Load external property file and merge. 
269  [main] WARN  com.ilupilu.ecm.utils.PropertyUtils - Exception:  
java.io.FileNotFoundException: .\VideoConverter.properties (The system cannot find the file specified)
	at java.io.FileInputStream.open(Native Method) ~[na:1.7.0_40]
	at java.io.FileInputStream.<init>(FileInputStream.java:146) ~[na:1.7.0_40]
	at java.io.FileInputStream.<init>(FileInputStream.java:101) ~[na:1.7.0_40]
	at com.ilupilu.ecm.utils.PropertyUtils.<clinit>(PropertyUtils.java:28) ~[classes/:na]
	at com.ilupilu.ecm.test.ConvertionTest.Test(ConvertionTest.java:22) [test-classes/:na]
	at sun.reflect.NativeMethodAccessorImpl.invoke0(Native Method) ~[na:1.7.0_40]
	at sun.reflect.NativeMethodAccessorImpl.invoke(NativeMethodAccessorImpl.java:57) ~[na:1.7.0_40]
	at sun.reflect.DelegatingMethodAccessorImpl.invoke(DelegatingMethodAccessorImpl.java:43) ~[na:1.7.0_40]
	at java.lang.reflect.Method.invoke(Method.java:606) ~[na:1.7.0_40]
	at org.junit.runners.model.FrameworkMethod$1.runReflectiveCall(FrameworkMethod.java:50) [junit-4.12-beta-1.jar:4.12-beta-1]
	at org.junit.internal.runners.model.ReflectiveCallable.run(ReflectiveCallable.java:12) [junit-4.12-beta-1.jar:4.12-beta-1]
	at org.junit.runners.model.FrameworkMethod.invokeExplosively(FrameworkMethod.java:47) [junit-4.12-beta-1.jar:4.12-beta-1]
	at org.junit.internal.runners.statements.InvokeMethod.evaluate(InvokeMethod.java:17) [junit-4.12-beta-1.jar:4.12-beta-1]
	at org.junit.runners.ParentRunner.runLeaf(ParentRunner.java:325) [junit-4.12-beta-1.jar:4.12-beta-1]
	at org.junit.runners.BlockJUnit4ClassRunner.runChild(BlockJUnit4ClassRunner.java:76) [junit-4.12-beta-1.jar:4.12-beta-1]
	at org.junit.runners.BlockJUnit4ClassRunner.runChild(BlockJUnit4ClassRunner.java:55) [junit-4.12-beta-1.jar:4.12-beta-1]
	at org.junit.runners.ParentRunner$3.run(ParentRunner.java:290) [junit-4.12-beta-1.jar:4.12-beta-1]
	at org.junit.runners.ParentRunner$1.schedule(ParentRunner.java:71) [junit-4.12-beta-1.jar:4.12-beta-1]
	at org.junit.runners.ParentRunner.runChildren(ParentRunner.java:288) [junit-4.12-beta-1.jar:4.12-beta-1]
	at org.junit.runners.ParentRunner.access$000(ParentRunner.java:58) [junit-4.12-beta-1.jar:4.12-beta-1]
	at org.junit.runners.ParentRunner$2.evaluate(ParentRunner.java:268) [junit-4.12-beta-1.jar:4.12-beta-1]
	at org.junit.runners.ParentRunner.run(ParentRunner.java:363) [junit-4.12-beta-1.jar:4.12-beta-1]
	at org.apache.maven.surefire.junit4.JUnit4Provider.execute(JUnit4Provider.java:252) [surefire-junit4-2.12.4.jar:2.12.4]
	at org.apache.maven.surefire.junit4.JUnit4Provider.executeTestSet(JUnit4Provider.java:141) [surefire-junit4-2.12.4.jar:2.12.4]
	at org.apache.maven.surefire.junit4.JUnit4Provider.invoke(JUnit4Provider.java:112) [surefire-junit4-2.12.4.jar:2.12.4]
	at sun.reflect.NativeMethodAccessorImpl.invoke0(Native Method) ~[na:1.7.0_40]
	at sun.reflect.NativeMethodAccessorImpl.invoke(NativeMethodAccessorImpl.java:57) ~[na:1.7.0_40]
	at sun.reflect.DelegatingMethodAccessorImpl.invoke(DelegatingMethodAccessorImpl.java:43) ~[na:1.7.0_40]
	at java.lang.reflect.Method.invoke(Method.java:606) ~[na:1.7.0_40]
	at org.apache.maven.surefire.util.ReflectionUtils.invokeMethodWithArray(ReflectionUtils.java:189) [surefire-api-2.12.4.jar:2.12.4]
	at org.apache.maven.surefire.booter.ProviderFactory$ProviderProxy.invoke(ProviderFactory.java:165) [surefire-booter-2.12.4.jar:2.12.4]
	at org.apache.maven.surefire.booter.ProviderFactory.invokeProvider(ProviderFactory.java:85) [surefire-booter-2.12.4.jar:2.12.4]
	at org.apache.maven.surefire.booter.ForkedBooter.runSuitesInProcess(ForkedBooter.java:115) [surefire-booter-2.12.4.jar:2.12.4]
	at org.apache.maven.surefire.booter.ForkedBooter.main(ForkedBooter.java:75) [surefire-booter-2.12.4.jar:2.12.4]
